2026-07-31T04:59:37.251587Z  INFO herdr::logging: herdr starting event="app.startup" subsystem="client" outcome="started" pid=30332
2026-07-31T04:59:37.251642Z  INFO herdr::client: connecting to server path=/Users/vaibhavsingh/.config/herdr/herdr-client.sock
2026-07-31T04:59:37.484334Z  INFO herdr::client: handshake succeeded version=17 encoding=SemanticFrame
2026-07-31T05:01:31.473018Z  WARN herdr::raw_input: flushing lone escape after input timeout; if this follows an alt chord or focus switch it may reach the pane as plain esc bytes=[27]
2026-07-31T05:01:31.473101Z  WARN herdr::raw_input: flushing lone escape after input timeout; if this follows an alt chord or focus switch it may reach the pane as plain esc bytes=[27]
2026-07-31T05:01:54.115166Z  INFO herdr::logging: herdr exiting event="app.shutdown" subsystem="client" outcome="completed" pid=30332
2026-07-31T05:04:51.300090Z  INFO herdr::logging: herdr starting event="app.startup" subsystem="client" outcome="started" pid=33350
2026-07-31T05:04:51.300177Z  INFO herdr::client: connecting to server path=/Users/vaibhavsingh/.config/herdr/herdr-client.sock
2026-07-31T05:04:51.402815Z  INFO herdr::client: handshake succeeded version=17 encoding=SemanticFrame
2026-07-31T05:25:39.995632Z  WARN herdr::raw_input: flushing lone escape after input timeout; if this follows an alt chord or focus switch it may reach the pane as plain esc bytes=[27]
2026-07-31T05:25:39.995817Z  WARN herdr::raw_input: flushing lone escape after input timeout; if this follows an alt chord or focus switch it may reach the pane as plain esc bytes=[27]
2026-07-31T05:25:56.147314Z  INFO herdr::logging: herdr exiting event="app.shutdown" subsystem="client" outcome="completed" pid=33350
2026-08-04T21:56:00.224897Z  INFO herdr::logging: herdr starting event="app.startup" subsystem="client" outcome="started" pid=74550
2026-08-04T21:56:00.224958Z  INFO herdr::client: connecting to server path=/Users/vaibhavsingh/.config/herdr/herdr-client.sock
2026-08-04T21:56:00.455691Z  INFO herdr::client: handshake succeeded version=17 encoding=SemanticFrame
2026-08-04T21:58:36.395913Z  WARN herdr::raw_input: flushing lone escape after input timeout; if this follows an alt chord or focus switch it may reach the pane as plain esc bytes=[27]
2026-08-04T21:58:36.396097Z  WARN herdr::raw_input: flushing lone escape after input timeout; if this follows an alt chord or focus switch it may reach the pane as plain esc bytes=[27]
2026-08-05T03:29:31.616488Z  WARN herdr::raw_input: flushing lone escape after input timeout; if this follows an alt chord or focus switch it may reach the pane as plain esc bytes=[27]
2026-08-05T03:29:31.616627Z  WARN herdr::raw_input: flushing lone escape after input timeout; if this follows an alt chord or focus switch it may reach the pane as plain esc bytes=[27]
2026-08-05T03:29:55.687344Z  WARN herdr::raw_input: flushing lone escape after input timeout; if this follows an alt chord or focus switch it may reach the pane as plain esc bytes=[27]
2026-08-05T03:29:55.687500Z  WARN herdr::raw_input: flushing lone escape after input timeout; if this follows an alt chord or focus switch it may reach the pane as plain esc bytes=[27]
2026-08-05T03:30:00.569916Z  WARN herdr::raw_input: flushing lone escape after input timeout; if this follows an alt chord or focus switch it may reach the pane as plain esc bytes=[27]
2026-08-05T03:30:00.570048Z  WARN herdr::raw_input: flushing lone escape after input timeout; if this follows an alt chord or focus switch it may reach the pane as plain esc bytes=[27]
2026-08-05T03:30:00.767471Z  WARN herdr::raw_input: flushing lone escape after input timeout; if this follows an alt chord or focus switch it may reach the pane as plain esc bytes=[27]
2026-08-05T03:30:00.767599Z  WARN herdr::raw_input: flushing lone escape after input timeout; if this follows an alt chord or focus switch it may reach the pane as plain esc bytes=[27]
2026-08-05T03:30:49.461167Z  WARN herdr::raw_input: flushing lone escape after input timeout; if this follows an alt chord or focus switch it may reach the pane as plain esc bytes=[27]
2026-08-05T03:30:49.461335Z  WARN herdr::raw_input: flushing lone escape after input timeout; if this follows an alt chord or focus switch it may reach the pane as plain esc bytes=[27]
2026-08-05T03:30:59.420825Z  WARN herdr::raw_input: flushing lone escape after input timeout; if this follows an alt chord or focus switch it may reach the pane as plain esc bytes=[27]
2026-08-05T03:30:59.420970Z  WARN herdr::raw_input: flushing lone escape after input timeout; if this follows an alt chord or focus switch it may reach the pane as plain esc bytes=[27]
2026-08-05T03:31:17.998492Z  WARN herdr::raw_input: flushing lone escape after input timeout; if this follows an alt chord or focus switch it may reach the pane as plain esc bytes=[27]
2026-08-05T03:31:17.998644Z  WARN herdr::raw_input: flushing lone escape after input timeout; if this follows an alt chord or focus switch it may reach the pane as plain esc bytes=[27]
2026-08-05T03:31:21.830302Z  WARN herdr::raw_input: flushing lone escape after input timeout; if this follows an alt chord or focus switch it may reach the pane as plain esc bytes=[27]
2026-08-05T03:31:21.830466Z  WARN herdr::raw_input: flushing lone escape after input timeout; if this follows an alt chord or focus switch it may reach the pane as plain esc bytes=[27]
2026-08-05T03:32:18.040566Z  WARN herdr::raw_input: flushing lone escape after input timeout; if this follows an alt chord or focus switch it may reach the pane as plain esc bytes=[27]
2026-08-05T03:32:18.040738Z  WARN herdr::raw_input: flushing lone escape after input timeout; if this follows an alt chord or focus switch it may reach the pane as plain esc bytes=[27]
